2025-02-23 00:45:45,847 - INFO - my1_function - Функция 'my1_function' запущена в 2025-02-23 00:45:45
2025-02-23 00:45:45,847 - INFO - my1_function - Функция 'my1_function' завершена успешно. Результат: 5, Время выполнения: 0.0006 сек в 2025-02-23 00:45:45
