2025-02-23 00:48:25,802 - INFO - my1_function - Функция 'my1_function' запущена в 2025-02-23 00:48:25
2025-02-23 00:48:25,803 - INFO - my1_function - Функция 'my1_function' завершена успешно. Результат: 5, Время выполнения: 0.0012 сек в 2025-02-23 00:48:25
2025-02-23 01:03:27,452 - INFO - my1_function - Функция 'my1_function' запущена в 2025-02-23 01:03:27
2025-02-23 01:03:27,452 - INFO - my1_function - Функция 'my1_function' завершена успешно. Результат: 5, Время выполнения: 0.0005 сек в 2025-02-23 01:03:27
